// Jest Snapshot v1, https://goo.gl/fbAQLP

exports[`UserProfile should create snapshot 1`] = `
<div
  className="adminLayout"
>
  <nav
    className="flex items-center bg-white-800 px-20 py-5 flex-wrap"
  >
    <a
      className="text-gray-800"
      href="/"
      onClick={[Function]}
    >
      <img
        alt="logo"
        className="logo w-24"
        src="logo-image.png"
      />
    </a>
    <div
      className="hidden top-navbar w-full lg:inline-flex lg:flex-grow lg:w-auto"
      id="navigation"
    >
      <div
        className="lg:inline-flex lg:flex-row lg:ml-auto lg:w-auto w-full lg:items-center items-start flex flex-col lg:h-auto"
      >
        <div>
          <a
            className="lg:inline-flex lg:w-auto w-full px-8 py-2 rounded text-gray-600 items-center justify-center hover:text-gray-700"
            href="/"
            onClick={[Function]}
          >
            <span>
              How it works
            </span>
          </a>
          <a
            className="lg:inline-flex lg:w-auto w-full px-8 py-2 rounded text-gray-600 items-center justify-center hover:text-gray-700"
            href="/"
            onClick={[Function]}
          >
            <span>
              About us
            </span>
          </a>
        </div>
        <div
          className="lg:inline-flex items-center undefined"
        >
          <div
            className="px-8 lg:inline-flex items-center"
          >
            <div
              className="makeStyles-root-2"
            >
              <div>
                <div
                  aria-haspopup="true"
                  className="notification-container"
                  onClick={[Function]}
                  onTouchEnd={[Function]}
                >
                  <div
                    className="text-gray-600 relative notification-icon"
                    onClick={[Function]}
                  >
                    <div
                      className="bg-white text-red-600 h-3 w-3 rounded-full absolute right-0 top-0 flex items-center justify-center border-red-600 border border-solid"
                      style={
                        Object {
                          "fontSize": "6px",
                        }
                      }
                    >
                      <span>
                        9+
                      </span>
                    </div>
                    <svg
                      aria-hidden={true}
                      className="MuiSvgIcon-root cursor-pointer"
                      focusable="false"
                      style={
                        Object {
                          "color": "#ff0000",
                        }
                      }
                      viewBox="0 0 24 24"
                    >
                      <path
                        d="M12 22c1.1 0 2-.9 2-2h-4c0 1.1.89 2 2 2zm6-6v-5c0-3.07-1.64-5.64-4.5-6.32V4c0-.83-.67-1.5-1.5-1.5s-1.5.67-1.5 1.5v.68C7.63 5.36 6 7.92 6 11v5l-2 2v1h16v-1l-2-2z"
                      />
                    </svg>
                  </div>
                  <div
                    className="header-popup tri-right border right-top hide"
                  >
                    <div
                      className="text-gray-600 w-56 space-x-2 text-sm py-2 flex "
                    >
                      <span
                        className="text-red-600 font-bold"
                      >
                        1
                      </span>
                      <div
                        className="flex flex-col w-full flex-wrap"
                      >
                        <span
                          className="text-red-600 font-bold"
                        >
                          You have been verified
                        </span>
                        <p
                          className="break-normal"
                        >
                          Check your email for the link verification
                        </p>
                      </div>
                    </div>
                    <div
                      className="text-gray-600 w-56 space-x-2 text-sm py-2 flex "
                    >
                      <span
                        className="text-red-600 font-bold"
                      >
                        1
                      </span>
                      <div
                        className="flex flex-col w-full flex-wrap"
                      >
                        <span
                          className="text-red-600 font-bold"
                        >
                          You have been verified
                        </span>
                        <p
                          className="break-normal"
                        >
                          Check your email for the link verification
                        </p>
                      </div>
                    </div>
                  </div>
                </div>
              </div>
            </div>
            <div
              className="text-gray-600 relative"
            >
              <svg
                aria-hidden={true}
                className="MuiSvgIcon-root"
                focusable="false"
                viewBox="0 0 24 24"
              >
                <path
                  d="M11.99 18.54l-7.37-5.73L3 14.07l9 7 9-7-1.63-1.27-7.38 5.74zM12 16l7.36-5.73L21 9l-9-7-9 7 1.63 1.27L12 16z"
                />
              </svg>
            </div>
          </div>
          <div
            className="text-gray-600"
          >
            <span>
              username
            </span>
          </div>
          <div
            className="makeStyles-root-2"
          >
            <div>
              <div
                aria-haspopup="true"
                className="profile-container"
                onClick={[Function]}
                onTouchEnd={[Function]}
              >
                <div
                  aria-haspopup="true"
                  onClick={[Function]}
                >
                  <img
                    alt="avatar"
                    className="inline-block ml-2 h-12 w-12 rounded-full text-white shadow-solid cursor-pointer"
                    src="https://cdn.pixabay.com/photo/2015/10/05/22/37/blank-profile-picture-973460_960_720.png"
                  />
                </div>
                <div
                  className="header-popup tri-left border right-top hide"
                >
                  <ul
                    className="MuiList-root MuiList-padding"
                    onKeyDown={[Function]}
                    role="menu"
                    tabIndex={-1}
                  >
                    <li
                      aria-disabled={false}
                      className="MuiButtonBase-root MuiListItem-root MuiMenuItem-root text-gray-600 MuiMenuItem-gutters MuiListItem-gutters MuiListItem-button"
                      onBlur={[Function]}
                      onClick={[Function]}
                      onDragLeave={[Function]}
                      onFocus={[Function]}
                      onKeyDown={[Function]}
                      onKeyUp={[Function]}
                      onMouseDown={[Function]}
                      onMouseLeave={[Function]}
                      onMouseUp={[Function]}
                      onTouchEnd={[Function]}
                      onTouchMove={[Function]}
                      onTouchStart={[Function]}
                      role="menuitem"
                      tabIndex={0}
                    >
                      <div
                        className="text-gray-600 w-56 space-x-3 text-sm py-2"
                      >
                        <svg
                          aria-hidden={true}
                          className="MuiSvgIcon-root"
                          focusable="false"
                          viewBox="0 0 24 24"
                        >
                          <path
                            d="M19.14 12.94c.04-.3.06-.61.06-.94 0-.32-.02-.64-.07-.94l2.03-1.58c.18-.14.23-.41.12-.61l-1.92-3.32c-.12-.22-.37-.29-.59-.22l-2.39.96c-.5-.38-1.03-.7-1.62-.94l-.36-2.54c-.04-.24-.24-.41-.48-.41h-3.84c-.24 0-.43.17-.47.41l-.36 2.54c-.59.24-1.13.57-1.62.94l-2.39-.96c-.22-.08-.47 0-.59.22L2.74 8.87c-.12.21-.08.47.12.61l2.03 1.58c-.05.3-.09.63-.09.94s.02.64.07.94l-2.03 1.58c-.18.14-.23.41-.12.61l1.92 3.32c.12.22.37.29.59.22l2.39-.96c.5.38 1.03.7 1.62.94l.36 2.54c.05.24.24.41.48.41h3.84c.24 0 .44-.17.47-.41l.36-2.54c.59-.24 1.13-.56 1.62-.94l2.39.96c.22.08.47 0 .59-.22l1.92-3.32c.12-.22.07-.47-.12-.61l-2.01-1.58zM12 15.6c-1.98 0-3.6-1.62-3.6-3.6s1.62-3.6 3.6-3.6 3.6 1.62 3.6 3.6-1.62 3.6-3.6 3.6z"
                          />
                        </svg>
                        <span>
                          Settings
                        </span>
                      </div>
                      <span
                        className="MuiTouchRipple-root"
                      />
                    </li>
                    <li
                      aria-disabled={false}
                      className="MuiButtonBase-root MuiListItem-root MuiMenuItem-root text-gray-600 MuiMenuItem-gutters MuiListItem-gutters MuiListItem-button"
                      onBlur={[Function]}
                      onClick={[Function]}
                      onDragLeave={[Function]}
                      onFocus={[Function]}
                      onKeyDown={[Function]}
                      onKeyUp={[Function]}
                      onMouseDown={[Function]}
                      onMouseLeave={[Function]}
                      onMouseUp={[Function]}
                      onTouchEnd={[Function]}
                      onTouchMove={[Function]}
                      onTouchStart={[Function]}
                      role="menuitem"
                      tabIndex={-1}
                    >
                      <div
                        className="text-gray-600 w-56 space-x-3 text-sm py-2"
                        onClick={[Function]}
                      >
                        <svg
                          aria-hidden={true}
                          className="MuiSvgIcon-root"
                          focusable="false"
                          viewBox="0 0 24 24"
                        >
                          <path
                            d="M13 3h-2v10h2V3zm4.83 2.17l-1.42 1.42C17.99 7.86 19 9.81 19 12c0 3.87-3.13 7-7 7s-7-3.13-7-7c0-2.19 1.01-4.14 2.58-5.42L6.17 5.17C4.23 6.82 3 9.26 3 12c0 4.97 4.03 9 9 9s9-4.03 9-9c0-2.74-1.23-5.18-3.17-6.83z"
                          />
                        </svg>
                        <span>
                          Logout
                        </span>
                      </div>
                      <span
                        className="MuiTouchRipple-root"
                      />
                    </li>
                  </ul>
                </div>
              </div>
            </div>
          </div>
        </div>
      </div>
    </div>
  </nav>
  <div
    className="px-20"
    style={
      Object {
        "paddingLeft": "6rem",
        "paddingRight": "6rem",
        "paddingTop": "2rem",
        "position": "relative",
      }
    }
  >
    <div
      className="pageDirection"
    >
      <button
        className="MuiButtonBase-root MuiButton-root MuiButton-text AdminLayout-backButton-1"
        disabled={false}
        onBlur={[Function]}
        onClick={[Function]}
        onDragLeave={[Function]}
        onFocus={[Function]}
        onKeyDown={[Function]}
        onKeyUp={[Function]}
        onMouseDown={[Function]}
        onMouseLeave={[Function]}
        onMouseUp={[Function]}
        onTouchEnd={[Function]}
        onTouchMove={[Function]}
        onTouchStart={[Function]}
        tabIndex={0}
        type="button"
      >
        <span
          className="MuiButton-label"
        >
          <svg
            aria-hidden={true}
            className="MuiSvgIcon-root"
            focusable="false"
            viewBox="0 0 24 24"
          >
            <path
              d="M20 11H7.83l5.59-5.59L12 4l-8 8 8 8 1.41-1.41L7.83 13H20v-2z"
            />
          </svg>
        </span>
        <span
          className="MuiTouchRipple-root"
        />
      </button>
      <ul>
        <li>
          <a
            href="/affiliates"
            onClick={[Function]}
          >
            Affiliate
          </a>
        </li>
        <li>
          <a
            href="/"
            onClick={[Function]}
          >
            Profile
          </a>
        </li>
      </ul>
    </div>
    <div
      className="layoutContainer"
    >
      <div
        className="adminMenu"
      >
        <ul
          className="parent"
        >
          <li>
            <a
              className="link"
              href="/"
              onClick={[Function]}
            >
              <svg
                aria-hidden={true}
                className="MuiSvgIcon-root"
                focusable="false"
                viewBox="0 0 24 24"
              >
                <path
                  d="M16.5 12c1.38 0 2.49-1.12 2.49-2.5S17.88 7 16.5 7C15.12 7 14 8.12 14 9.5s1.12 2.5 2.5 2.5zM9 11c1.66 0 2.99-1.34 2.99-3S10.66 5 9 5C7.34 5 6 6.34 6 8s1.34 3 3 3zm7.5 3c-1.83 0-5.5.92-5.5 2.75V19h11v-2.25c0-1.83-3.67-2.75-5.5-2.75zM9 13c-2.33 0-7 1.17-7 3.5V19h7v-2.25c0-.85.33-2.34 2.37-3.47C10.5 13.1 9.66 13 9 13z"
                />
              </svg>
              <h5>
                Users
              </h5>
            </a>
            <ul
              className="childMenu"
            >
              <li
                className=""
              >
                <a
                  href="/admin-dashboard"
                  onClick={[Function]}
                >
                  Talent
                </a>
              </li>
              <li
                className=""
              >
                <a
                  href="/hr-admin"
                  onClick={[Function]}
                >
                  Hr Admin
                </a>
              </li>
              <li
                className=""
              >
                <a
                  href="/affiliates"
                  onClick={[Function]}
                >
                  Affiliates
                </a>
              </li>
            </ul>
          </li>
          <li>
            <a
              className="link"
              href="/"
              onClick={[Function]}
            >
              <svg
                aria-hidden={true}
                className="MuiSvgIcon-root"
                focusable="false"
                viewBox="0 0 24 24"
              >
                <path
                  d="M16.5 12c1.38 0 2.49-1.12 2.49-2.5S17.88 7 16.5 7C15.12 7 14 8.12 14 9.5s1.12 2.5 2.5 2.5zM9 11c1.66 0 2.99-1.34 2.99-3S10.66 5 9 5C7.34 5 6 6.34 6 8s1.34 3 3 3zm7.5 3c-1.83 0-5.5.92-5.5 2.75V19h11v-2.25c0-1.83-3.67-2.75-5.5-2.75zM9 13c-2.33 0-7 1.17-7 3.5V19h7v-2.25c0-.85.33-2.34 2.37-3.47C10.5 13.1 9.66 13 9 13z"
                />
              </svg>
              <h5>
                Admins
              </h5>
            </a>
            <ul
              className="childMenu"
            >
              <li
                className=""
              >
                <a
                  href="/recruiter"
                  onClick={[Function]}
                >
                  Recruiter
                </a>
              </li>
              <li
                className=""
              >
                <a
                  href="/company"
                  onClick={[Function]}
                >
                  Company
                </a>
              </li>
            </ul>
          </li>
          <li>
            <a
              className="link"
              href="/"
              onClick={[Function]}
            >
              <svg
                aria-hidden={true}
                className="MuiSvgIcon-root"
                focusable="false"
                viewBox="0 0 24 24"
              >
                <path
                  d="M21.99 4c0-1.1-.89-2-1.99-2H4c-1.1 0-2 .9-2 2v12c0 1.1.9 2 2 2h14l4 4-.01-18zM17 11h-4v4h-2v-4H7V9h4V5h2v4h4v2z"
                />
              </svg>
              <h5>
                Create
              </h5>
            </a>
            <ul
              className="childMenu"
            >
              <li
                className=""
              >
                <a
                  href="/skill"
                  onClick={[Function]}
                >
                  Skills
                </a>
              </li>
              <li
                className=""
              >
                <a
                  href="/"
                  onClick={[Function]}
                >
                  Education
                </a>
              </li>
              <li
                className=""
              >
                <a
                  href="/"
                  onClick={[Function]}
                >
                  Employment
                </a>
              </li>
            </ul>
          </li>
        </ul>
      </div>
      <div
        style={
          Object {
            "flexGrow": 1,
            "marginLeft": "20px",
            "position": "relative",
          }
        }
      >
        <div
          className="userProfile"
        >
          <div
            className="profilePreview"
          >
            <div
              className="profilePicture"
            >
              <img
                alt=""
                src="avatar.jpg"
              />
            </div>
            <div
              className="preview"
            >
              <h5
                className="title"
              >
                gramdb
              </h5>
              <div
                className="biography"
              >
                Lorem, ipsum dolor sit amet consectetur adipisicing elit. Ullam maiores ipsum dolor sit amet consectetur adipisicing elit. Ullam
              </div>
            </div>
          </div>
          <div
            className="profileShowcase"
          >
            <div
              className="MuiGrid-root MuiGrid-container MuiGrid-spacing-xs-10"
            >
              <div
                className="MuiGrid-root MuiGrid-item MuiGrid-grid-xs-6"
              >
                <div
                  className="items"
                >
                  <div
                    className="title"
                  >
                    <svg
                      aria-hidden={true}
                      className="MuiSvgIcon-root"
                      focusable="false"
                      viewBox="0 0 24 24"
                    >
                      <path
                        d="M20 6h-4V4c0-1.11-.89-2-2-2h-4c-1.11 0-2 .89-2 2v2H4c-1.11 0-1.99.89-1.99 2L2 19c0 1.11.89 2 2 2h16c1.11 0 2-.89 2-2V8c0-1.11-.89-2-2-2zm-6 0h-4V4h4v2z"
                      />
                    </svg>
                    <h1>
                      Skillset
                    </h1>
                  </div>
                  <div
                    className="notFound"
                  >
                    <h5>
                      There are no skills
                    </h5>
                  </div>
                </div>
              </div>
              <div
                className="MuiGrid-root MuiGrid-item MuiGrid-grid-xs-6"
              >
                <div
                  className="items"
                >
                  <div
                    className="title"
                  >
                    <svg
                      aria-hidden={true}
                      className="MuiSvgIcon-root"
                      focusable="false"
                      viewBox="0 0 24 24"
                    >
                      <path
                        d="M20 18c1.1 0 1.99-.9 1.99-2L22 6c0-1.1-.9-2-2-2H4c-1.1 0-2 .9-2 2v10c0 1.1.9 2 2 2H0v2h24v-2h-4zM4 6h16v10H4V6z"
                      />
                    </svg>
                    <h1>
                      Employment
                    </h1>
                  </div>
                  <div
                    className="listItems"
                  >
                    <ul
                      className="p-0 m-2 bg-card-preview"
                    >
                      <li
                        className="py-2 py-2 rounded-sm"
                      >
                        <h5>
                          companyName
                        </h5>
                        <div
                          className="selectItems"
                        >
                          <select
                            onChange={[Function]}
                            value="status"
                          >
                            <option
                              value="verified"
                            >
                              verified
                            </option>
                            <option
                              value="unverified"
                            >
                              unverified
                            </option>
                            <option
                              value="inProgress"
                            >
                              inProgress
                            </option>
                          </select>
                          <span
                            className="customArrow"
                          >
                            <svg
                              aria-hidden={true}
                              className="MuiSvgIcon-root"
                              focusable="false"
                              viewBox="0 0 24 24"
                            >
                              <path
                                d="M7 10l5 5 5-5z"
                              />
                            </svg>
                          </span>
                        </div>
                      </li>
                    </ul>
                  </div>
                </div>
                <div
                  className="items educationItem"
                >
                  <div
                    className="title"
                  >
                    <svg
                      aria-hidden={true}
                      className="MuiSvgIcon-root"
                      focusable="false"
                      viewBox="0 0 24 24"
                    >
                      <path
                        d="M5 13.18v4L12 21l7-3.82v-4L12 17l-7-3.82zM12 3L1 9l11 6 9-4.91V17h2V9L12 3z"
                      />
                    </svg>
                    <h1>
                      Education
                    </h1>
                  </div>
                  <div
                    className="listItems"
                  >
                    <ul
                      className="p-0 m-2 bg-card-preview"
                    >
                      <li
                        className="py-2 py-2 rounded-sm"
                      >
                        <h5>
                          companyName
                        </h5>
                        <div
                          className="selectItems"
                        >
                          <select
                            onChange={[Function]}
                            value="status"
                          >
                            <option
                              value="verified"
                            >
                              verified
                            </option>
                            <option
                              value="unverified"
                            >
                              unverified
                            </option>
                            <option
                              value="inProgress"
                            >
                              inProgress
                            </option>
                          </select>
                          <span
                            className="customArrow"
                          >
                            <svg
                              aria-hidden={true}
                              className="MuiSvgIcon-root"
                              focusable="false"
                              viewBox="0 0 24 24"
                            >
                              <path
                                d="M7 10l5 5 5-5z"
                              />
                            </svg>
                          </span>
                        </div>
                      </li>
                    </ul>
                  </div>
                </div>
              </div>
            </div>
          </div>
        </div>
      </div>
    </div>
  </div>
  <div
    className="customBackground"
  >
    <div
      className="mainBackground"
    >
      <img
        alt=""
        src="motif-image.png"
        style={
          Object {
            "backgroundColor": "none",
          }
        }
      />
    </div>
  </div>
</div>
`;
