// Jest Snapshot v1, https://goo.gl/fbAQLP

exports[`Front View Component should render title and description correctly component correctly 1`] = `
<div
  className="sc-bdnylx jEnVUK"
  data-testid="frontView"
>
  <div
    className="sc-gtssRu gKWQKU"
  >
    <h1
      className="sc-dlnjPT hOHxbY pt-24 text-4xl text-white font-semibold"
    >
      Tech Talent QA
    </h1>
    <div
      className="mt-4 text-white w-2/4 front-mob"
    >
      <ul
        className="sc-hKFyIo bGDfPj"
      >
        <li>
          Certified education and employment
        </li>
        <li>
          Verified technical ability
        </li>
        <li>
          Continuous skills monitoring and updates
        </li>
      </ul>
    </div>
    <div
      className="mt-4 text-white w-4/6 front-mob"
    >
      <h5
        className="sc-eCApGN bmQaRK mb-1"
      >
        Tech Talent QA ensures
      </h5>
      <ul
        className="sc-hKFyIo bGDfPj"
      >
        <li>
          Members are current on the latest technology changes
        </li>
        <li>
          Companies are equipped with quality developers
        </li>
        <li>
          HR save time and money on recruiting potential candidates
        </li>
      </ul>
    </div>
    <div
      className="sc-jSFkmK fahdgH flex justify-between w-2/4 mt-8 pb-8 front-mob"
    >
      <a
        className="bg-green-500 w-40 text-white font-medium py-2 px-4 rounded text-center m-2"
        href="/register"
      >
        Get Started
      </a>
      <button
        className="bg-white w-40 text-green font-medium py-2 px-4 rounded text-center m-2"
        style={
          Object {
            "color": "green",
          }
        }
        type="button"
      >
        Watch Demo
      </button>
    </div>
  </div>
</div>
`;
