// Jest Snapshot v1, https://goo.gl/fbAQLP

exports[`User Skill should create snapshot 1`] = `
Object {
  "asFragment": [Function],
  "baseElement": <body>
    <div>
      <div
        class="w-full"
      >
        <p
          class="text-right text-xs py-2 pb-2 pr-3"
        >
          Beginner
        </p>
        <ul
          class="p-0 m-0 bg-card-preview "
        >
          <li
            class=" py-2 py-2 rounded-sm"
          >
            <div
              class="flex flex-row text-sm justify-between"
            >
              <h4
                class="medium-fonts px-4"
              >
                php
              </h4>
              <div
                class="flex flex-row"
              >
                <svg
                  aria-hidden="true"
                  class="MuiSvgIcon-root not-verified-color mr-4"
                  focusable="false"
                  viewBox="0 0 24 24"
                >
                  <path
                    d="M20 2H4c-1.1 0-1.99.9-1.99 2L2 22l4-4h14c1.1 0 2-.9 2-2V4c0-1.1-.9-2-2-2zm-7 9h-2V5h2v6zm0 4h-2v-2h2v2z"
                  />
                </svg>
              </div>
            </div>
          </li>
        </ul>
      </div>
      <div
        class="w-full"
      >
        <p
          class="text-right text-xs py-2 pb-2 pr-3"
        >
          Intermediate
        </p>
        <ul
          class="p-0 m-0 bg-card-preview "
        >
          <li
            class=" py-2 py-2 rounded-sm"
          >
            <div
              class="flex flex-row text-sm justify-between"
            >
              <h4
                class="medium-fonts px-4"
              >
                php
              </h4>
              <div
                class="flex flex-row"
              >
                <svg
                  aria-hidden="true"
                  class="MuiSvgIcon-root not-verified-color mr-4"
                  focusable="false"
                  viewBox="0 0 24 24"
                >
                  <path
                    d="M20 2H4c-1.1 0-1.99.9-1.99 2L2 22l4-4h14c1.1 0 2-.9 2-2V4c0-1.1-.9-2-2-2zm-7 9h-2V5h2v6zm0 4h-2v-2h2v2z"
                  />
                </svg>
              </div>
            </div>
          </li>
        </ul>
      </div>
      <div
        class="w-full"
      >
        <p
          class="text-right text-xs py-2 pb-2 pr-3"
        >
          Advanced
        </p>
        <ul
          class="p-0 m-0 bg-card-preview "
        >
          <li
            class=" py-2 py-2 rounded-sm"
          >
            <div
              class="flex flex-row text-sm justify-between"
            >
              <h4
                class="medium-fonts px-4"
              >
                php
              </h4>
              <div
                class="flex flex-row"
              >
                <svg
                  aria-hidden="true"
                  class="MuiSvgIcon-root not-verified-color mr-4"
                  focusable="false"
                  viewBox="0 0 24 24"
                >
                  <path
                    d="M20 2H4c-1.1 0-1.99.9-1.99 2L2 22l4-4h14c1.1 0 2-.9 2-2V4c0-1.1-.9-2-2-2zm-7 9h-2V5h2v6zm0 4h-2v-2h2v2z"
                  />
                </svg>
              </div>
            </div>
          </li>
        </ul>
      </div>
      <div
        class="addButton"
      >
        <button
          class="mt-4 bg-gray-800 w-full text-white hover:bg-gray-900 outline-none font-semibold h-12 py-1 px-1 rounded-sm shadow add"
          type="button"
        >
          <svg
            aria-hidden="true"
            class="MuiSvgIcon-root"
            focusable="false"
            viewBox="0 0 24 24"
          >
            <path
              d="M19 13h-6v6h-2v-6H5v-2h6V5h2v6h6v2z"
            />
          </svg>
           
          <span>
            Add new 
          </span>
           
          <span>
            skills
          </span>
        </button>
      </div>
    </div>
  </body>,
  "container": <div>
    <div
      class="w-full"
    >
      <p
        class="text-right text-xs py-2 pb-2 pr-3"
      >
        Beginner
      </p>
      <ul
        class="p-0 m-0 bg-card-preview "
      >
        <li
          class=" py-2 py-2 rounded-sm"
        >
          <div
            class="flex flex-row text-sm justify-between"
          >
            <h4
              class="medium-fonts px-4"
            >
              php
            </h4>
            <div
              class="flex flex-row"
            >
              <svg
                aria-hidden="true"
                class="MuiSvgIcon-root not-verified-color mr-4"
                focusable="false"
                viewBox="0 0 24 24"
              >
                <path
                  d="M20 2H4c-1.1 0-1.99.9-1.99 2L2 22l4-4h14c1.1 0 2-.9 2-2V4c0-1.1-.9-2-2-2zm-7 9h-2V5h2v6zm0 4h-2v-2h2v2z"
                />
              </svg>
            </div>
          </div>
        </li>
      </ul>
    </div>
    <div
      class="w-full"
    >
      <p
        class="text-right text-xs py-2 pb-2 pr-3"
      >
        Intermediate
      </p>
      <ul
        class="p-0 m-0 bg-card-preview "
      >
        <li
          class=" py-2 py-2 rounded-sm"
        >
          <div
            class="flex flex-row text-sm justify-between"
          >
            <h4
              class="medium-fonts px-4"
            >
              php
            </h4>
            <div
              class="flex flex-row"
            >
              <svg
                aria-hidden="true"
                class="MuiSvgIcon-root not-verified-color mr-4"
                focusable="false"
                viewBox="0 0 24 24"
              >
                <path
                  d="M20 2H4c-1.1 0-1.99.9-1.99 2L2 22l4-4h14c1.1 0 2-.9 2-2V4c0-1.1-.9-2-2-2zm-7 9h-2V5h2v6zm0 4h-2v-2h2v2z"
                />
              </svg>
            </div>
          </div>
        </li>
      </ul>
    </div>
    <div
      class="w-full"
    >
      <p
        class="text-right text-xs py-2 pb-2 pr-3"
      >
        Advanced
      </p>
      <ul
        class="p-0 m-0 bg-card-preview "
      >
        <li
          class=" py-2 py-2 rounded-sm"
        >
          <div
            class="flex flex-row text-sm justify-between"
          >
            <h4
              class="medium-fonts px-4"
            >
              php
            </h4>
            <div
              class="flex flex-row"
            >
              <svg
                aria-hidden="true"
                class="MuiSvgIcon-root not-verified-color mr-4"
                focusable="false"
                viewBox="0 0 24 24"
              >
                <path
                  d="M20 2H4c-1.1 0-1.99.9-1.99 2L2 22l4-4h14c1.1 0 2-.9 2-2V4c0-1.1-.9-2-2-2zm-7 9h-2V5h2v6zm0 4h-2v-2h2v2z"
                />
              </svg>
            </div>
          </div>
        </li>
      </ul>
    </div>
    <div
      class="addButton"
    >
      <button
        class="mt-4 bg-gray-800 w-full text-white hover:bg-gray-900 outline-none font-semibold h-12 py-1 px-1 rounded-sm shadow add"
        type="button"
      >
        <svg
          aria-hidden="true"
          class="MuiSvgIcon-root"
          focusable="false"
          viewBox="0 0 24 24"
        >
          <path
            d="M19 13h-6v6h-2v-6H5v-2h6V5h2v6h6v2z"
          />
        </svg>
         
        <span>
          Add new 
        </span>
         
        <span>
          skills
        </span>
      </button>
    </div>
  </div>,
  "debug": [Function],
  "findAllByAltText": [Function],
  "findAllByDisplayValue": [Function],
  "findAllByLabelText": [Function],
  "findAllByPlaceholderText": [Function],
  "findAllByRole": [Function],
  "findAllByTestId": [Function],
  "findAllByText": [Function],
  "findAllByTitle": [Function],
  "findByAltText": [Function],
  "findByDisplayValue": [Function],
  "findByLabelText": [Function],
  "findByPlaceholderText": [Function],
  "findByRole": [Function],
  "findByTestId": [Function],
  "findByText": [Function],
  "findByTitle": [Function],
  "getAllByAltText": [Function],
  "getAllByDisplayValue": [Function],
  "getAllByLabelText": [Function],
  "getAllByPlaceholderText": [Function],
  "getAllByRole": [Function],
  "getAllByTestId": [Function],
  "getAllByText": [Function],
  "getAllByTitle": [Function],
  "getByAltText": [Function],
  "getByDisplayValue": [Function],
  "getByLabelText": [Function],
  "getByPlaceholderText": [Function],
  "getByRole": [Function],
  "getByTestId": [Function],
  "getByText": [Function],
  "getByTitle": [Function],
  "queryAllByAltText": [Function],
  "queryAllByDisplayValue": [Function],
  "queryAllByLabelText": [Function],
  "queryAllByPlaceholderText": [Function],
  "queryAllByRole": [Function],
  "queryAllByTestId": [Function],
  "queryAllByText": [Function],
  "queryAllByTitle": [Function],
  "queryByAltText": [Function],
  "queryByDisplayValue": [Function],
  "queryByLabelText": [Function],
  "queryByPlaceholderText": [Function],
  "queryByRole": [Function],
  "queryByTestId": [Function],
  "queryByText": [Function],
  "queryByTitle": [Function],
  "rerender": [Function],
  "unmount": [Function],
}
`;
