// Jest Snapshot v1, https://goo.gl/fbAQLP

exports[`\`CurrentRole\` component matches the snapshot 1`] = `
Array [
  <nav
    className="flex items-center bg-white-800 px-20 py-5 flex-wrap"
  >
    <a
      className="text-gray-800"
      href="/"
      onClick={[Function]}
    >
      <img
        alt="logo"
        className="logo w-24"
        src="logo-image.png"
      />
    </a>
    <div
      className="hidden top-navbar w-full lg:inline-flex lg:flex-grow lg:w-auto"
      id="navigation"
    >
      <div
        className="lg:inline-flex lg:flex-row lg:ml-auto lg:w-auto w-full lg:items-center items-start flex flex-col lg:h-auto"
      >
        <div>
          <a
            className="lg:inline-flex lg:w-auto w-full px-8 py-2 rounded text-gray-600 items-center justify-center hover:text-gray-700"
            href="/"
            onClick={[Function]}
          >
            <span>
              How it works
            </span>
          </a>
          <a
            className="lg:inline-flex lg:w-auto w-full px-8 py-2 rounded text-gray-600 items-center justify-center hover:text-gray-700"
            href="/"
            onClick={[Function]}
          >
            <span>
              About us
            </span>
          </a>
        </div>
        <a
          className="lg:inline-flex lg:w-auto w-full px-8 py-2 rounded text-gray-600 items-center justify-center hover:text-gray-700"
          href="/Login"
          onClick={[Function]}
        >
          <span>
            Login
          </span>
        </a>
        <button
          className="lg:inline-flex lg:w-auto w-full px-8 py-2 rounded items-center justify-center bg-getstartColor hover:bg-blue-800 text-white"
          onClick={[Function]}
        >
          <span>
            Get started
          </span>
        </button>
      </div>
    </div>
  </nav>,
  <section
    className="current-role-section w-1/3 m-auto text-textGray"
  >
    <div
      className="flex relative h-auto my-8"
    >
      <div
        className="back-arrow cursor-pointer"
      >
        <svg
          aria-hidden={true}
          className="MuiSvgIcon-root"
          focusable="false"
          viewBox="0 0 24 24"
        >
          <path
            d="M20 11H7.83l5.59-5.59L12 4l-8 8 8 8 1.41-1.41L7.83 13H20v-2z"
          />
        </svg>
      </div>
      <h1
        className="font-bold text-xl title"
      >
        Tell us how awesome you are!
      </h1>
    </div>
    <div
      className="mt-6"
    >
      <span>
        What is your current role?
      </span>
      <div
        className="text-textGray mt-2"
      >
        <div
          className="outline-none placeholder-textGray placeholder-opacity-50 css-2b097c-container"
          onKeyDown={[Function]}
        >
          <div
            className=" css-gpjhn8-control"
            onMouseDown={[Function]}
            onTouchEnd={[Function]}
          >
            <div
              className=" css-g1d714-ValueContainer"
            >
              <div
                className=" css-2x0uyn-placeholder"
              >
                Select role
              </div>
              <div
                className="css-b8ldur-Input"
              >
                <div
                  className=""
                  style={
                    Object {
                      "display": "inline-block",
                    }
                  }
                >
                  <input
                    aria-autocomplete="list"
                    autoCapitalize="none"
                    autoComplete="off"
                    autoCorrect="off"
                    disabled={false}
                    id="react-select-4-input"
                    onBlur={[Function]}
                    onChange={[Function]}
                    onFocus={[Function]}
                    spellCheck="false"
                    style={
                      Object {
                        "background": 0,
                        "border": 0,
                        "boxSizing": "content-box",
                        "color": "inherit",
                        "fontSize": "inherit",
                        "label": "input",
                        "opacity": 1,
                        "outline": 0,
                        "padding": 0,
                        "width": "1px",
                      }
                    }
                    tabIndex="0"
                    type="text"
                    value=""
                  />
                  <div
                    style={
                      Object {
                        "height": 0,
                        "left": 0,
                        "overflow": "scroll",
                        "position": "absolute",
                        "top": 0,
                        "visibility": "hidden",
                        "whiteSpace": "pre",
                      }
                    }
                  >
                    
                  </div>
                </div>
              </div>
            </div>
            <div
              className=" css-1hb7zxy-IndicatorsContainer"
            >
              <span
                className=" css-1xjgjl1-IndicatorSeparator"
              />
              <div
                aria-hidden="true"
                className=" css-tlfecz-indicatorContainer"
                onMouseDown={[Function]}
                onTouchEnd={[Function]}
              >
                <svg
                  aria-hidden="true"
                  className="css-6q0nyr-Svg"
                  focusable="false"
                  height={20}
                  viewBox="0 0 20 20"
                  width={20}
                >
                  <path
                    d="M4.516 7.548c0.436-0.446 1.043-0.481 1.576 0l3.908 3.747 3.908-3.747c0.533-0.481 1.141-0.446 1.574 0 0.436 0.445 0.408 1.197 0 1.615-0.406 0.418-4.695 4.502-4.695 4.502-0.217 0.223-0.502 0.335-0.787 0.335s-0.57-0.112-0.789-0.335c0 0-4.287-4.084-4.695-4.502s-0.436-1.17 0-1.615z"
                  />
                </svg>
              </div>
            </div>
          </div>
        </div>
      </div>
    </div>
    <div
      className="mt-6"
    >
      <span>
        How long have you been at your current role?
      </span>
      <div
        className="flex justify-between text-textGray mt-2"
      >
        <div
          className="MuiFormControl-root MuiTextField-root makeStyles-textField-4"
        >
          <label
            className="MuiFormLabel-root MuiInputLabel-root MuiInputLabel-formControl MuiInputLabel-animated MuiInputLabel-shrink MuiFormLabel-filled"
            data-shrink={true}
            htmlFor="date"
            id="date-label"
          >
            Start Date
          </label>
          <div
            className="MuiInputBase-root MuiInput-root MuiInput-underline MuiInputBase-formControl MuiInput-formControl"
            onClick={[Function]}
          >
            <input
              aria-invalid={false}
              autoFocus={false}
              className="MuiInputBase-input MuiInput-input"
              defaultValue="2017-05-24"
              disabled={false}
              id="date"
              onAnimationStart={[Function]}
              onBlur={[Function]}
              onChange={[Function]}
              onFocus={[Function]}
              required={false}
              type="date"
            />
          </div>
        </div>
        <div
          className="MuiFormControl-root MuiTextField-root makeStyles-textField-4"
        >
          <label
            className="MuiFormLabel-root MuiInputLabel-root MuiInputLabel-formControl MuiInputLabel-animated MuiInputLabel-shrink MuiFormLabel-filled"
            data-shrink={true}
            htmlFor="date"
            id="date-label"
          >
            End Date
          </label>
          <div
            className="MuiInputBase-root MuiInput-root MuiInput-underline MuiInputBase-formControl MuiInput-formControl"
            onClick={[Function]}
          >
            <input
              aria-invalid={false}
              autoFocus={false}
              className="MuiInputBase-input MuiInput-input"
              defaultValue="22017-05-24"
              disabled={false}
              id="date"
              onAnimationStart={[Function]}
              onBlur={[Function]}
              onChange={[Function]}
              onFocus={[Function]}
              required={false}
              type="date"
            />
          </div>
        </div>
      </div>
      <label
        className="MuiFormControlLabel-root"
      >
        <span
          aria-disabled={false}
          className="MuiButtonBase-root MuiIconButton-root PrivateSwitchBase-root-7 MuiCheckbox-root PrivateSwitchBase-checked-8 Mui-checked"
          onBlur={[Function]}
          onDragLeave={[Function]}
          onFocus={[Function]}
          onKeyDown={[Function]}
          onKeyUp={[Function]}
          onMouseDown={[Function]}
          onMouseLeave={[Function]}
          onMouseUp={[Function]}
          onTouchEnd={[Function]}
          onTouchMove={[Function]}
          onTouchStart={[Function]}
          style={
            Object {
              "width": "0.7em !important",
            }
          }
          tabIndex={null}
        >
          <span
            className="MuiIconButton-label"
          >
            <input
              aria-label="checkbox with default color"
              className="PrivateSwitchBase-input-10"
              data-indeterminate={false}
              defaultChecked={true}
              onChange={[Function]}
              type="checkbox"
            />
            <svg
              aria-hidden={true}
              className="MuiSvgIcon-root"
              focusable="false"
              viewBox="0 0 24 24"
            >
              <path
                d="M19 3H5c-1.11 0-2 .9-2 2v14c0 1.1.89 2 2 2h14c1.11 0 2-.9 2-2V5c0-1.1-.89-2-2-2zm-9 14l-5-5 1.41-1.41L10 14.17l7.59-7.59L19 8l-9 9z"
              />
            </svg>
          </span>
        </span>
        <span
          className="MuiTypography-root MuiFormControlLabel-label MuiTypography-body1"
        >
          <p
            className="MuiTypography-root MuiTypography-body1"
            style={
              Object {
                "& label": Object {
                  "color": "#747474",
                  "fontSize": "14px",
                },
              }
            }
          >
            Currently working here
          </p>
        </span>
      </label>
    </div>
    <div
      className="mt-6"
    >
      <span>
        List all of your amazing skills
      </span>
      <div
        className="text-textGray mt-2"
      >
        <div
          className="outline-none placeholder-textGray placeholder-opacity-50 css-2b097c-container"
          onKeyDown={[Function]}
        >
          <div
            className=" css-1px2uo9-control"
            onMouseDown={[Function]}
            onTouchEnd={[Function]}
          >
            <div
              className=" css-zoz06h-ValueContainer"
            >
              <div
                className=" css-cdyrj9-placeholder"
              >
                Select your amazing skills
              </div>
              <div
                className="css-b8ldur-Input"
              >
                <div
                  className=""
                  style={
                    Object {
                      "display": "inline-block",
                    }
                  }
                >
                  <input
                    aria-autocomplete="list"
                    autoCapitalize="none"
                    autoComplete="off"
                    autoCorrect="off"
                    disabled={false}
                    id="react-select-5-input"
                    onBlur={[Function]}
                    onChange={[Function]}
                    onFocus={[Function]}
                    spellCheck="false"
                    style={
                      Object {
                        "background": 0,
                        "border": 0,
                        "boxSizing": "content-box",
                        "color": "inherit",
                        "fontSize": "inherit",
                        "label": "input",
                        "opacity": 1,
                        "outline": 0,
                        "padding": 0,
                        "width": "1px",
                      }
                    }
                    tabIndex="0"
                    type="text"
                    value=""
                  />
                  <div
                    style={
                      Object {
                        "height": 0,
                        "left": 0,
                        "overflow": "scroll",
                        "position": "absolute",
                        "top": 0,
                        "visibility": "hidden",
                        "whiteSpace": "pre",
                      }
                    }
                  >
                    
                  </div>
                </div>
              </div>
            </div>
            <div
              className=" css-e23gzz-IndicatorsContainer"
            >
              <span
                className=" css-1xjgjl1-IndicatorSeparator"
              />
              <div
                aria-hidden="true"
                className=" css-tlfecz-indicatorContainer"
                onMouseDown={[Function]}
                onTouchEnd={[Function]}
              >
                <svg
                  aria-hidden="true"
                  className="css-6q0nyr-Svg"
                  focusable="false"
                  height={20}
                  viewBox="0 0 20 20"
                  width={20}
                >
                  <path
                    d="M4.516 7.548c0.436-0.446 1.043-0.481 1.576 0l3.908 3.747 3.908-3.747c0.533-0.481 1.141-0.446 1.574 0 0.436 0.445 0.408 1.197 0 1.615-0.406 0.418-4.695 4.502-4.695 4.502-0.217 0.223-0.502 0.335-0.787 0.335s-0.57-0.112-0.789-0.335c0 0-4.287-4.084-4.695-4.502s-0.436-1.17 0-1.615z"
                  />
                </svg>
              </div>
            </div>
          </div>
        </div>
      </div>
    </div>
    <div
      className="flex justify-center mt-12"
    >
      <button
        className="next-btn text-white hover:bg-gray-800 font-semibold py-1 px-3 w-32 rounded-sm shadow flex justify-around"
        data-testid="next-button"
        onClick={[Function]}
      >
        <span
          className=""
        >
          Next
        </span>
         
        <svg
          aria-hidden={true}
          className="MuiSvgIcon-root"
          focusable="false"
          viewBox="0 0 24 24"
        >
          <path
            d="M16.01 11H4v2h12.01v3L20 12l-3.99-4v3z"
          />
        </svg>
      </button>
    </div>
  </section>,
]
`;
