// Jest Snapshot v1, https://goo.gl/fbAQLP

exports[`AffiliateItem should create snapshot 1`] = `
<div
  className="userContainer affiliateContainer"
>
  <div
    className="userItemList"
  >
    <ul
      className="userItems affiliateItems"
    >
      <li>
        <div
          className="image"
        >
          <img
            alt=""
            src="https://coverImage.com/image.png"
          />
        </div>
        <div
          className="details"
        >
          <h1>
            courseName
          </h1>
          <h6>
            username
          </h6>
          <button
            onClick={[Function]}
            type="button"
          >
            View
          </button>
        </div>
        <div
          className="action"
        >
          <h5>
            Change Status
          </h5>
          <div
            className="customSelect"
          >
            <select
              name="options"
              onChange={[Function]}
              value="pending"
            >
              <option
                value="pending"
              >
                pending
              </option>
              <option
                value="accepted"
              >
                accepted
              </option>
              <option
                value="declined"
              >
                declined
              </option>
            </select>
            <span
              className="customArrow"
            >
              <svg
                aria-hidden={true}
                className="MuiSvgIcon-root"
                focusable="false"
                viewBox="0 0 24 24"
              >
                <path
                  d="M7 10l5 5 5-5z"
                />
              </svg>
            </span>
          </div>
        </div>
      </li>
    </ul>
  </div>
</div>
`;
