// Jest Snapshot v1, https://goo.gl/fbAQLP

exports[`\`CurrentRole\` component matches the snapshot 1`] = `
<section
  className="current-role-section w-1/3 m-auto text-gray-texts"
>
  <div
    className="containers"
  >
    <div
      className="recent-employer-section"
    >
      <div
        className="flex relative h-auto my-8"
      >
        <div
          className="back-arrow cursor-pointer"
        >
          <svg
            aria-hidden={true}
            className="MuiSvgIcon-root"
            focusable="false"
            viewBox="0 0 24 24"
          >
            <path
              d="M20 11H7.83l5.59-5.59L12 4l-8 8 8 8 1.41-1.41L7.83 13H20v-2z"
            />
          </svg>
        </div>
        <h1
          className="font-bold text-xl title"
        >
          Tell us how awesome you are!
        </h1>
      </div>
      <form
        autoComplete="off"
        data-testid="submit-form"
        onSubmit={[Function]}
      >
        <div
          className="text-gray-texts mt-8"
        >
          <label>
            What is your company name ? 
          </label>
          <input
            className="border outline-none bg-transparent rounded-sm w-full px-3 text-gray-texts input-height mt-2"
            name="companyName"
            onChange={[Function]}
            placeholder="Company Name"
            type="text"
            value=""
          />
        </div>
        <div
          className="text-gray-texts mt-4"
        >
          <label>
            What is your current role?
          </label>
          <input
            className="border outline-none bg-transparent rounded w-full px-3 text-gray-texts input-height mt-2"
            name="title"
            onChange={[Function]}
            placeholder="Your Title"
            type="text"
            value=""
          />
        </div>
        <div
          className="text-gray-texts mt-4"
        >
          <div
            className="select css-2b097c-container"
            onKeyDown={[Function]}
          >
            <div
              className=" css-c8odyh-control"
              onMouseDown={[Function]}
              onTouchEnd={[Function]}
            >
              <div
                className=" css-g1d714-ValueContainer"
              >
                <div
                  className=" css-1wa3eu0-placeholder"
                >
                  Select your supervisor
                </div>
                <div
                  className="css-b8ldur-Input"
                >
                  <div
                    className=""
                    style={
                      Object {
                        "display": "inline-block",
                      }
                    }
                  >
                    <input
                      aria-autocomplete="list"
                      autoCapitalize="none"
                      autoComplete="off"
                      autoCorrect="off"
                      disabled={false}
                      id="react-select-3-input"
                      onBlur={[Function]}
                      onChange={[Function]}
                      onFocus={[Function]}
                      spellCheck="false"
                      style={
                        Object {
                          "background": 0,
                          "border": 0,
                          "boxSizing": "content-box",
                          "color": "inherit",
                          "fontSize": "inherit",
                          "label": "input",
                          "opacity": 1,
                          "outline": 0,
                          "padding": 0,
                          "width": "1px",
                        }
                      }
                      tabIndex="0"
                      type="text"
                      value=""
                    />
                    <div
                      style={
                        Object {
                          "height": 0,
                          "left": 0,
                          "overflow": "scroll",
                          "position": "absolute",
                          "top": 0,
                          "visibility": "hidden",
                          "whiteSpace": "pre",
                        }
                      }
                    >
                      
                    </div>
                  </div>
                </div>
              </div>
              <div
                className=" css-1hb7zxy-IndicatorsContainer"
              >
                <span
                  className=" css-1okebmr-indicatorSeparator"
                />
                <div
                  aria-hidden="true"
                  className=" css-tlfecz-indicatorContainer"
                  onMouseDown={[Function]}
                  onTouchEnd={[Function]}
                >
                  <svg
                    aria-hidden="true"
                    className="css-6q0nyr-Svg"
                    focusable="false"
                    height={20}
                    viewBox="0 0 20 20"
                    width={20}
                  >
                    <path
                      d="M4.516 7.548c0.436-0.446 1.043-0.481 1.576 0l3.908 3.747 3.908-3.747c0.533-0.481 1.141-0.446 1.574 0 0.436 0.445 0.408 1.197 0 1.615-0.406 0.418-4.695 4.502-4.695 4.502-0.217 0.223-0.502 0.335-0.787 0.335s-0.57-0.112-0.789-0.335c0 0-4.287-4.084-4.695-4.502s-0.436-1.17 0-1.615z"
                    />
                  </svg>
                </div>
              </div>
            </div>
            <input
              name="supervisor.name"
              type="hidden"
              value=""
            />
          </div>
        </div>
        <div
          className="flex justify-between text-gray-texts mt-4 dateContainer"
          style={
            Object {
              "alignItems": "start",
              "flexDirection": "column",
            }
          }
        >
          <div
            className="item w-full h-full pt-2 mt-2"
          >
            <label>
              Start Date
            </label>
            <input
              id="date"
              name="startDate"
              onChange={[Function]}
              type="date"
              value=""
            />
          </div>
        </div>
        <div
          className="flex justify-center mt-10 flex-col items-center"
        >
          <button
            className="next-btn text-white hover:bg-gray-800 font-semibold py-1 px-3 w-32 rounded-sm shadow flex justify-around"
            data-testid="next-button"
            type="submit"
          >
            <label
              className=""
            >
              Next
            </label>
             
            <svg
              aria-hidden={true}
              className="MuiSvgIcon-root"
              focusable="false"
              viewBox="0 0 24 24"
            >
              <path
                d="M16.01 11H4v2h12.01v3L20 12l-3.99-4v3z"
              />
            </svg>
          </button>
          <a
            className="my-5 font-bold"
            href="/"
            onClick={[Function]}
          >
            Skip
          </a>
        </div>
      </form>
    </div>
  </div>
</section>
`;
