// Jest Snapshot v1, https://goo.gl/fbAQLP

exports[`\`CurrentRole\` component matches the snapshot 1`] = `
<section
  className="current-role-section m-auto text-gray-texts"
>
  <div
    className="containers"
  >
    <div
      className="recent-employer-section"
    >
      <div
        className="flex relative h-auto my-8"
      >
        <div
          className="back-arrow cursor-pointer"
        >
          <svg
            aria-hidden={true}
            className="MuiSvgIcon-root"
            focusable="false"
            viewBox="0 0 24 24"
          >
            <path
              d="M20 11H7.83l5.59-5.59L12 4l-8 8 8 8 1.41-1.41L7.83 13H20v-2z"
            />
          </svg>
        </div>
        <h1
          className="font-bold text-xl title"
        >
          Tell us how awesome you are!
        </h1>
      </div>
      <form
        autoComplete="off"
        data-testid="submit-form"
        onSubmit={[Function]}
      >
        <div
          className="text-gray-texts mt-8"
        >
          <input
            className="border outline-none bg-transparent rounded-sm w-full px-3 text-gray-texts input-height mt-2"
            name="companyName"
            onChange={[Function]}
            placeholder="Company Name"
            type="text"
            value=""
          />
        </div>
        <div
          className="text-gray-texts mt-4"
        >
          <div
            className="customSelect"
          >
            <select
              name="employmentType"
              onChange={[Function]}
              value=""
            >
              <option
                value=""
              >
                Employment type
              </option>
              <option
                value="Contract"
              >
                Contract
              </option>
              <option
                value="FullTime"
              >
                FullTime
              </option>
              <option
                value="PartTime"
              >
                PartTime
              </option>
            </select>
            <div
              className="customSelectArrow"
            >
              <div
                className="div"
              >
                <svg
                  aria-hidden={true}
                  className="MuiSvgIcon-root"
                  focusable="false"
                  viewBox="0 0 24 24"
                >
                  <path
                    d="M16.59 8.59L12 13.17 7.41 8.59 6 10l6 6 6-6z"
                  />
                </svg>
              </div>
            </div>
          </div>
        </div>
        <div
          className="text-gray-texts mt-4"
        >
          <input
            className="border outline-none bg-transparent rounded w-full px-3 text-gray-texts input-height mt-2"
            name="title"
            onChange={[Function]}
            placeholder="Your Title"
            type="text"
            value=""
          />
        </div>
        <div
          className="text-gray-texts mt-4"
        >
          <div
            className="customSelect"
          >
            <select
              name="supervisor.name"
              onChange={[Function]}
              value=""
            >
              <option
                value=""
              >
                Supervisor
              </option>
              <option
                value="Staffing"
              >
                Staffing
              </option>
              <option
                value="HR"
              >
                HR
              </option>
              <option
                value="Employee"
              >
                Employee
              </option>
              <option
                value="N/A"
              >
                N/A
              </option>
            </select>
            <div
              className="customSelectArrow"
            >
              <div
                className="div"
              >
                <svg
                  aria-hidden={true}
                  className="MuiSvgIcon-root"
                  focusable="false"
                  viewBox="0 0 24 24"
                >
                  <path
                    d="M16.59 8.59L12 13.17 7.41 8.59 6 10l6 6 6-6z"
                  />
                </svg>
              </div>
            </div>
          </div>
        </div>
        <div
          className="flex justify-between text-gray-texts mt-4 dateContainer"
          style={
            Object {
              "alignItems": "start",
              "flexDirection": "column",
            }
          }
        >
          <div
            className="item w-full h-full pt-1 pb-1 mt-2"
          >
            <label>
              Start Date
            </label>
            <input
              id="date"
              name="startDate"
              onChange={[Function]}
              type="date"
              value=""
            />
          </div>
        </div>
        <div
          className="flex justify-center mt-10 flex-col items-center"
        >
          <button
            className="next-btn text-white hover:bg-gray-800 font-semibold py-1 px-3 w-32 rounded-sm shadow flex justify-around"
            data-testid="next-button"
            disabled={false}
            type="submit"
          >
            <label
              className=""
            >
              Next
            </label>
             
            <svg
              aria-hidden={true}
              className="MuiSvgIcon-root"
              focusable="false"
              viewBox="0 0 24 24"
            >
              <path
                d="M16.01 11H4v2h12.01v3L20 12l-3.99-4v3z"
              />
            </svg>
          </button>
          <a
            className="my-5 font-bold"
            href="/"
            onClick={[Function]}
          >
            Skip
          </a>
        </div>
      </form>
    </div>
  </div>
</section>
`;
